[1.982s] Invoking command in '/home/robotdeveloper02/IsaacSim-ros_workspaces-main/humble_ws/src/jetbot_controller': PYTHONPATH=/home/robotdeveloper02/IsaacSim-ros_workspaces-main/humble_ws/build/jetbot_controller/prefix_override:/usr/lib/python3/dist-packages/colcon_core/task/python/colcon_distutils_commands:/home/robotdeveloper02/IsaacSim-ros_workspaces-main/humble_ws/install/jetbot_controller/lib/python3.10/site-packages:${PYTHONPATH} /usr/bin/python3 -W ignore:setup.py install is deprecated setup.py egg_info --egg-base ../../build/jetbot_controller build --build-base /home/robotdeveloper02/IsaacSim-ros_workspaces-main/humble_ws/build/jetbot_controller/build install --record /home/robotdeveloper02/IsaacSim-ros_workspaces-main/humble_ws/build/jetbot_controller/install.log --single-version-externally-managed install_data
[2.278s] running egg_info
[2.278s] writing ../../build/jetbot_controller/jetbot_controller.egg-info/PKG-INFO
[2.278s] writing dependency_links to ../../build/jetbot_controller/jetbot_controller.egg-info/dependency_links.txt
[2.278s] writing entry points to ../../build/jetbot_controller/jetbot_controller.egg-info/entry_points.txt
[2.278s] writing requirements to ../../build/jetbot_controller/jetbot_controller.egg-info/requires.txt
[2.278s] writing top-level names to ../../build/jetbot_controller/jetbot_controller.egg-info/top_level.txt
[2.279s] reading manifest file '../../build/jetbot_controller/jetbot_controller.egg-info/SOURCES.txt'
[2.281s] writing manifest file '../../build/jetbot_controller/jetbot_controller.egg-info/SOURCES.txt'
[2.281s] running build
[2.281s] running build_py
[2.281s] running install
[2.281s] running install_lib
[2.283s] running install_data
[2.283s] running install_egg_info
[2.286s] removing '/home/robotdeveloper02/IsaacSim-ros_workspaces-main/humble_ws/install/jetbot_controller/lib/python3.10/site-packages/jetbot_controller-0.0.0-py3.10.egg-info' (and everything under it)
[2.286s] Copying ../../build/jetbot_controller/jetbot_controller.egg-info to /home/robotdeveloper02/IsaacSim-ros_workspaces-main/humble_ws/install/jetbot_controller/lib/python3.10/site-packages/jetbot_controller-0.0.0-py3.10.egg-info
[2.287s] running install_scripts
[2.313s] Installing jetbot_controller script to /home/robotdeveloper02/IsaacSim-ros_workspaces-main/humble_ws/install/jetbot_controller/lib/jetbot_controller
[2.314s] writing list of installed files to '/home/robotdeveloper02/IsaacSim-ros_workspaces-main/humble_ws/build/jetbot_controller/install.log'
[2.360s] Invoked command in '/home/robotdeveloper02/IsaacSim-ros_workspaces-main/humble_ws/src/jetbot_controller' returned '0': PYTHONPATH=/home/robotdeveloper02/IsaacSim-ros_workspaces-main/humble_ws/build/jetbot_controller/prefix_override:/usr/lib/python3/dist-packages/colcon_core/task/python/colcon_distutils_commands:/home/robotdeveloper02/IsaacSim-ros_workspaces-main/humble_ws/install/jetbot_controller/lib/python3.10/site-packages:${PYTHONPATH} /usr/bin/python3 -W ignore:setup.py install is deprecated setup.py egg_info --egg-base ../../build/jetbot_controller build --build-base /home/robotdeveloper02/IsaacSim-ros_workspaces-main/humble_ws/build/jetbot_controller/build install --record /home/robotdeveloper02/IsaacSim-ros_workspaces-main/humble_ws/build/jetbot_controller/install.log --single-version-externally-managed install_data
